Java HotSpot(TM) 64-Bit Server VM (25.171-b11) for windows-amd64 JRE (1.8.0_171-b11), built on Mar 28 2018 16:06:12 by "java_re" with MS VC++ 10.0 (VS2010)
Memory: 4k page, physical 16629488k(7552812k free), swap 22658800k(8079800k free)
CommandLine flags: -XX:+HeapDumpOnOutOfMemoryError -XX:HeapDumpPath=log/ -XX:InitialHeapSize=10485760 -XX:MaxHeapSize=10485760 -XX:MaxNewSize=3497984 -XX:MaxTenuringThreshold=6 -XX:NewSize=3497984 -XX:OldPLABSize=16 -XX:OldSize=6987776 -XX:+PrintGC -XX:+PrintGCDetails -XX:+PrintGCTimeStamps -XX:+UseCompressedClassPointers -XX:+UseCompressedOops -XX:+UseConcMarkSweepGC -XX:-UseLargePagesIndividualAllocation -XX:+UseParNewGC 
0.223: [GC (Allocation Failure) 0.223: [ParNew: 2752K->320K(3072K), 0.0029302 secs] 2752K->833K(9920K), 0.0038427 secs] [Times: user=0.00 sys=0.00, real=0.00 secs] 
0.314: [GC (Allocation Failure) 0.314: [ParNew: 3072K->320K(3072K), 0.0012989 secs] 3585K->1150K(9920K), 0.0013653 secs] [Times: user=0.00 sys=0.00, real=0.00 secs] 
0.390: [GC (Allocation Failure) 0.390: [ParNew: 3072K->320K(3072K), 0.0012994 secs] 3902K->1419K(9920K), 0.0013536 secs] [Times: user=0.00 sys=0.00, real=0.00 secs] 
0.463: [GC (Allocation Failure) 0.463: [ParNew: 3072K->320K(3072K), 0.0015819 secs] 4171K->1675K(9920K), 0.0016336 secs] [Times: user=0.00 sys=0.00, real=0.00 secs] 
0.535: [GC (Allocation Failure) 0.535: [ParNew: 3072K->214K(3072K), 0.0016406 secs] 4427K->1957K(9920K), 0.0017034 secs] [Times: user=0.00 sys=0.00, real=0.00 secs] 
0.612: [GC (Allocation Failure) 0.612: [ParNew: 2966K->164K(3072K), 0.0051213 secs] 4709K->2443K(9920K), 0.0051972 secs] [Times: user=0.02 sys=0.00, real=0.01 secs] 
0.698: [GC (Allocation Failure) 0.698: [ParNew: 2916K->320K(3072K), 0.0019410 secs] 5195K->2632K(9920K), 0.0019918 secs] [Times: user=0.00 sys=0.00, real=0.00 secs] 
0.765: [GC (Allocation Failure) 0.765: [ParNew: 3072K->320K(3072K), 0.0025249 secs] 5384K->3322K(9920K), 0.0025960 secs] [Times: user=0.00 sys=0.00, real=0.00 secs] 
0.840: [GC (Allocation Failure) 0.840: [ParNew: 3072K->320K(3072K), 0.0027329 secs] 6074K->3638K(9920K), 0.0027849 secs] [Times: user=0.00 sys=0.00, real=0.00 secs] 
0.940: [GC (Allocation Failure) 0.940: [ParNew: 3072K->320K(3072K), 0.0033455 secs] 6390K->3848K(9920K), 0.0034018 secs] [Times: user=0.05 sys=0.00, real=0.00 secs] 
0.944: [GC (CMS Initial Mark) [1 CMS-initial-mark: 3528K(6848K)] 3904K(9920K), 0.0002263 secs] [Times: user=0.00 sys=0.00, real=0.00 secs] 
0.944: [CMS-concurrent-mark-start]
0.950: [CMS-concurrent-mark: 0.006/0.006 secs] [Times: user=0.00 sys=0.00, real=0.01 secs] 
0.950: [CMS-concurrent-preclean-start]
0.950: [CMS-concurrent-preclean: 0.000/0.000 secs] [Times: user=0.00 sys=0.00, real=0.00 secs] 
0.950: [GC (CMS Final Remark) [YG occupancy: 595 K (3072 K)]0.950: [Rescan (parallel) , 0.0002620 secs]0.950: [weak refs processing, 0.0000269 secs]0.950: [class unloading, 0.0004153 secs]0.951: [scrub symbol table, 0.0006413 secs]0.951: [scrub string table, 0.0002438 secs][1 CMS-remark: 3528K(6848K)] 4124K(9920K), 0.0017134 secs] [Times: user=0.00 sys=0.00, real=0.00 secs] 
0.955: [CMS-concurrent-sweep-start]
0.956: [CMS-concurrent-sweep: 0.002/0.002 secs] [Times: user=0.00 sys=0.00, real=0.00 secs] 
0.956: [CMS-concurrent-reset-start]
0.956: [CMS-concurrent-reset: 0.000/0.000 secs] [Times: user=0.00 sys=0.00, real=0.00 secs] 
1.014: [GC (Allocation Failure) 1.014: [ParNew: 3016K->254K(3072K), 0.0045310 secs] 6069K->3699K(9920K), 0.0045964 secs] [Times: user=0.00 sys=0.00, real=0.00 secs] 
1.081: [GC (Allocation Failure) 1.081: [ParNew: 3006K->188K(3072K), 0.0023019 secs] 6451K->4506K(9920K), 0.0023601 secs] [Times: user=0.06 sys=0.00, real=0.00 secs] 
1.152: [GC (Allocation Failure) 1.152: [ParNew: 2940K->320K(3072K), 0.0016818 secs] 7258K->4649K(9920K), 0.0017417 secs] [Times: user=0.00 sys=0.00, real=0.00 secs] 
1.222: [GC (Allocation Failure) 1.222: [ParNew: 3072K->194K(3072K), 0.0037014 secs] 7401K->4970K(9920K), 0.0037822 secs] [Times: user=0.05 sys=0.00, real=0.00 secs] 
1.291: [GC (Allocation Failure) 1.291: [ParNew: 2946K->242K(3072K), 0.0035500 secs] 7722K->5275K(9920K), 0.0036099 secs] [Times: user=0.00 sys=0.00, real=0.00 secs] 
1.362: [GC (Allocation Failure) 1.363: [ParNew: 2994K->221K(3072K), 0.0028957 secs] 8027K->5512K(9920K), 0.0029636 secs] [Times: user=0.05 sys=0.00, real=0.00 secs] 
1.418: [GC (Allocation Failure) 1.418: [ParNew: 2973K->173K(3072K), 0.0030553 secs] 8264K->6660K(9920K), 0.0031202 secs] [Times: user=0.00 sys=0.00, real=0.00 secs] 
1.421: [GC (CMS Initial Mark) [1 CMS-initial-mark: 6486K(6848K)] 6715K(9920K), 0.0001440 secs] [Times: user=0.00 sys=0.00, real=0.00 secs] 
1.421: [CMS-concurrent-mark-start]
1.429: [CMS-concurrent-mark: 0.008/0.008 secs] [Times: user=0.02 sys=0.00, real=0.01 secs] 
1.429: [CMS-concurrent-preclean-start]
1.429: [CMS-concurrent-preclean: 0.000/0.000 secs] [Times: user=0.00 sys=0.00, real=0.00 secs] 
1.430: [GC (CMS Final Remark) [YG occupancy: 393 K (3072 K)]1.430: [Rescan (parallel) , 0.0002401 secs]1.430: [weak refs processing, 0.0000148 secs]1.430: [class unloading, 0.0004516 secs]1.431: [scrub symbol table, 0.0006028 secs]1.431: [scrub string table, 0.0002242 secs][1 CMS-remark: 6486K(6848K)] 6880K(9920K), 0.0016527 secs] [Times: user=0.00 sys=0.00, real=0.00 secs] 
1.432: [CMS-concurrent-sweep-start]
1.436: [CMS-concurrent-sweep: 0.004/0.004 secs] [Times: user=0.00 sys=0.00, real=0.00 secs] 
1.436: [CMS-concurrent-reset-start]
1.436: [CMS-concurrent-reset: 0.000/0.000 secs] [Times: user=0.00 sys=0.00, real=0.00 secs] 
1.490: [GC (Allocation Failure) 1.490: [ParNew: 2925K->2925K(3072K), 0.0000195 secs]1.490: [CMS: 5401K->5815K(6848K), 0.0222125 secs] 8326K->5815K(9920K), [Metaspace: 3484K->3484K(1056768K)], 0.0223093 secs] [Times: user=0.02 sys=0.00, real=0.02 secs] 
1.513: [GC (CMS Initial Mark) [1 CMS-initial-mark: 5815K(6848K)] 5870K(9920K), 0.0001519 secs] [Times: user=0.00 sys=0.00, real=0.00 secs] 
1.513: [CMS-concurrent-mark-start]
1.519: [CMS-concurrent-mark: 0.006/0.006 secs] [Times: user=0.00 sys=0.00, real=0.01 secs] 
1.519: [CMS-concurrent-preclean-start]
1.519: [CMS-concurrent-preclean: 0.000/0.000 secs] [Times: user=0.00 sys=0.00, real=0.00 secs] 
1.519: [GC (CMS Final Remark) [YG occupancy: 163 K (3072 K)]1.519: [Rescan (parallel) , 0.0001589 secs]1.519: [weak refs processing, 0.0000129 secs]1.519: [class unloading, 0.0003375 secs]1.520: [scrub symbol table, 0.0004487 secs]1.520: [scrub string table, 0.0002424 secs][1 CMS-remark: 5815K(6848K)] 5979K(9920K), 0.0012954 secs] [Times: user=0.00 sys=0.03, real=0.00 secs] 
1.521: [CMS-concurrent-sweep-start]
1.525: [CMS-concurrent-sweep: 0.004/0.004 secs] [Times: user=0.00 sys=0.00, real=0.00 secs] 
1.525: [CMS-concurrent-reset-start]
1.525: [CMS-concurrent-reset: 0.000/0.000 secs] [Times: user=0.00 sys=0.00, real=0.00 secs] 
1.584: [GC (Allocation Failure) 1.584: [ParNew: 2752K->2752K(3072K), 0.0000196 secs]1.584: [CMS: 5815K->6073K(6848K), 0.0182337 secs] 8567K->6073K(9920K), [Metaspace: 3484K->3484K(1056768K)], 0.0183529 secs] [Times: user=0.01 sys=0.00, real=0.02 secs] 
1.603: [GC (CMS Initial Mark) [1 CMS-initial-mark: 6073K(6848K)] 6073K(9920K), 0.0001897 secs] [Times: user=0.00 sys=0.00, real=0.00 secs] 
1.603: [CMS-concurrent-mark-start]
1.613: [CMS-concurrent-mark: 0.010/0.010 secs] [Times: user=0.00 sys=0.00, real=0.01 secs] 
1.613: [CMS-concurrent-preclean-start]
1.613: [CMS-concurrent-preclean: 0.000/0.000 secs] [Times: user=0.00 sys=0.00, real=0.00 secs] 
1.613: [GC (CMS Final Remark) [YG occupancy: 383 K (3072 K)]1.613: [Rescan (parallel) , 0.0002101 secs]1.613: [weak refs processing, 0.0000102 secs]1.613: [class unloading, 0.0003792 secs]1.613: [scrub symbol table, 0.0005413 secs]1.614: [scrub string table, 0.0002537 secs][1 CMS-remark: 6073K(6848K)] 6456K(9920K), 0.0014875 secs] [Times: user=0.02 sys=0.00, real=0.00 secs] 
1.614: [CMS-concurrent-sweep-start]
1.618: [CMS-concurrent-sweep: 0.004/0.004 secs] [Times: user=0.00 sys=0.00, real=0.00 secs] 
1.618: [CMS-concurrent-reset-start]
1.618: [CMS-concurrent-reset: 0.000/0.000 secs] [Times: user=0.00 sys=0.00, real=0.00 secs] 
1.672: [GC (Allocation Failure) 1.672: [ParNew: 2752K->2752K(3072K), 0.0000200 secs]1.672: [CMS: 6073K->6331K(6848K), 0.0226744 secs] 8825K->6331K(9920K), [Metaspace: 3484K->3484K(1056768K)], 0.0227660 secs] [Times: user=0.03 sys=0.00, real=0.02 secs] 
1.694: [GC (CMS Initial Mark) [1 CMS-initial-mark: 6331K(6848K)] 6386K(9920K), 0.0001439 secs] [Times: user=0.00 sys=0.00, real=0.00 secs] 
1.695: [CMS-concurrent-mark-start]
1.705: [CMS-concurrent-mark: 0.010/0.010 secs] [Times: user=0.00 sys=0.00, real=0.01 secs] 
1.705: [CMS-concurrent-preclean-start]
1.705: [CMS-concurrent-preclean: 0.000/0.000 secs] [Times: user=0.00 sys=0.00, real=0.00 secs] 
1.707: [GC (CMS Final Remark) [YG occupancy: 439 K (3072 K)]1.707: [Rescan (parallel) , 0.0002165 secs]1.708: [weak refs processing, 0.0000110 secs]1.708: [class unloading, 0.0004042 secs]1.708: [scrub symbol table, 0.0005161 secs]1.709: [scrub string table, 0.0002259 secs][1 CMS-remark: 6331K(6848K)] 6770K(9920K), 0.0014937 secs] [Times: user=0.00 sys=0.00, real=0.00 secs] 
1.709: [CMS-concurrent-sweep-start]
1.713: [CMS-concurrent-sweep: 0.004/0.004 secs] [Times: user=0.00 sys=0.00, real=0.00 secs] 
1.713: [CMS-concurrent-reset-start]
1.713: [CMS-concurrent-reset: 0.000/0.000 secs] [Times: user=0.00 sys=0.00, real=0.00 secs] 
1.785: [GC (Allocation Failure) 1.785: [ParNew: 2752K->2752K(3072K), 0.0000239 secs]1.785: [CMS: 6331K->6588K(6848K), 0.0242015 secs] 9083K->6588K(9920K), [Metaspace: 3484K->3484K(1056768K)], 0.0243010 secs] [Times: user=0.01 sys=0.00, real=0.02 secs] 
1.810: [GC (CMS Initial Mark) [1 CMS-initial-mark: 6588K(6848K)] 6643K(9920K), 0.0001319 secs] [Times: user=0.00 sys=0.00, real=0.00 secs] 
1.810: [CMS-concurrent-mark-start]
1.821: [CMS-concurrent-mark: 0.011/0.011 secs] [Times: user=0.02 sys=0.02, real=0.01 secs] 
1.821: [CMS-concurrent-preclean-start]
1.821: [CMS-concurrent-preclean: 0.000/0.000 secs] [Times: user=0.00 sys=0.00, real=0.00 secs] 
1.821: [GC (CMS Final Remark) [YG occupancy: 439 K (3072 K)]1.821: [Rescan (parallel) , 0.0001916 secs]1.822: [weak refs processing, 0.0000116 secs]1.822: [class unloading, 0.0003850 secs]1.822: [scrub symbol table, 0.0006203 secs]1.823: [scrub string table, 0.0002468 secs][1 CMS-remark: 6588K(6848K)] 7028K(9920K), 0.0015641 secs] [Times: user=0.00 sys=0.00, real=0.00 secs] 
1.823: [CMS-concurrent-sweep-start]
1.828: [CMS-concurrent-sweep: 0.005/0.005 secs] [Times: user=0.00 sys=0.00, real=0.01 secs] 
1.828: [CMS-concurrent-reset-start]
1.828: [CMS-concurrent-reset: 0.000/0.000 secs] [Times: user=0.00 sys=0.00, real=0.00 secs] 
1.880: [GC (Allocation Failure) 1.880: [ParNew: 2752K->2752K(3072K), 0.0000197 secs]1.880: [CMS: 6588K->6846K(6848K), 0.0213909 secs] 9340K->6846K(9920K), [Metaspace: 3484K->3484K(1056768K)], 0.0214877 secs] [Times: user=0.02 sys=0.00, real=0.02 secs] 
1.901: [GC (CMS Initial Mark) [1 CMS-initial-mark: 6846K(6848K)] 6846K(9920K), 0.0001312 secs] [Times: user=0.00 sys=0.00, real=0.00 secs] 
1.901: [CMS-concurrent-mark-start]
1.912: [CMS-concurrent-mark: 0.011/0.011 secs] [Times: user=0.02 sys=0.00, real=0.01 secs] 
1.912: [CMS-concurrent-preclean-start]
1.912: [CMS-concurrent-preclean: 0.000/0.000 secs] [Times: user=0.00 sys=0.00, real=0.00 secs] 
1.923: [GC (CMS Final Remark) [YG occupancy: 549 K (3072 K)]1.923: [Rescan (parallel) , 0.0002399 secs]1.923: [weak refs processing, 0.0000111 secs]1.923: [class unloading, 0.0003721 secs]1.923: [scrub symbol table, 0.0006212 secs]1.924: [scrub string table, 0.0002288 secs][1 CMS-remark: 6846K(6848K)] 7396K(9920K), 0.0015877 secs] [Times: user=0.00 sys=0.00, real=0.00 secs] 
1.926: [CMS-concurrent-sweep-start]
1.931: [CMS-concurrent-sweep: 0.004/0.004 secs] [Times: user=0.00 sys=0.00, real=0.00 secs] 
1.931: [CMS-concurrent-reset-start]
1.931: [CMS-concurrent-reset: 0.000/0.000 secs] [Times: user=0.00 sys=0.00, real=0.00 secs] 
1.991: [GC (Allocation Failure) 1.991: [ParNew: 2752K->2752K(3072K), 0.0000322 secs]1.991: [CMS: 6846K->6848K(6848K), 0.0229368 secs] 9598K->7019K(9920K), [Metaspace: 3484K->3484K(1056768K)], 0.0230423 secs] [Times: user=0.02 sys=0.00, real=0.02 secs] 
2.014: [GC (CMS Initial Mark) [1 CMS-initial-mark: 6848K(6848K)] 7074K(9920K), 0.0002541 secs] [Times: user=0.00 sys=0.00, real=0.00 secs] 
2.015: [CMS-concurrent-mark-start]
2.026: [CMS-concurrent-mark: 0.012/0.012 secs] [Times: user=0.01 sys=0.01, real=0.01 secs] 
2.026: [CMS-concurrent-preclean-start]
2.037: [CMS-concurrent-preclean: 0.010/0.010 secs] [Times: user=0.03 sys=0.00, real=0.01 secs] 
2.037: [GC (CMS Final Remark) [YG occupancy: 996 K (3072 K)]2.037: [Rescan (parallel) , 0.0004474 secs]2.037: [weak refs processing, 0.0000125 secs]2.037: [class unloading, 0.0004255 secs]2.038: [scrub symbol table, 0.0005587 secs]2.038: [scrub string table, 0.0002309 secs][1 CMS-remark: 6848K(6848K)] 7844K(9920K), 0.0017816 secs] [Times: user=0.00 sys=0.00, real=0.00 secs] 
2.039: [CMS-concurrent-sweep-start]
2.044: [CMS-concurrent-sweep: 0.005/0.005 secs] [Times: user=0.00 sys=0.00, real=0.00 secs] 
2.044: [CMS-concurrent-reset-start]
2.044: [CMS-concurrent-reset: 0.000/0.000 secs] [Times: user=0.00 sys=0.00, real=0.00 secs] 
2.067: [GC (Allocation Failure) 2.067: [ParNew: 2151K->2151K(3072K), 0.0000208 secs]2.067: [CMS: 6848K->6847K(6848K), 0.0217548 secs] 8999K->7129K(9920K), [Metaspace: 3484K->3484K(1056768K)], 0.0218542 secs] [Times: user=0.02 sys=0.00, real=0.02 secs] 
2.089: [GC (CMS Initial Mark) [1 CMS-initial-mark: 6847K(6848K)] 8536K(9920K), 0.0015386 secs] [Times: user=0.00 sys=0.00, real=0.00 secs] 
2.091: [CMS-concurrent-mark-start]
2.102: [CMS-concurrent-mark: 0.011/0.011 secs] [Times: user=0.02 sys=0.02, real=0.01 secs] 
2.102: [CMS-concurrent-preclean-start]
2.112: [CMS-concurrent-preclean: 0.010/0.010 secs] [Times: user=0.00 sys=0.00, real=0.01 secs] 
2.112: [CMS-concurrent-abortable-preclean-start]
2.112: [CMS-concurrent-abortable-preclean: 0.000/0.000 secs] [Times: user=0.00 sys=0.00, real=0.00 secs] 
2.112: [GC (CMS Final Remark) [YG occupancy: 2165 K (3072 K)]2.113: [Rescan (parallel) , 0.0028454 secs]2.115: [weak refs processing, 0.0000146 secs]2.115: [class unloading, 0.0003819 secs]2.116: [scrub symbol table, 0.0005443 secs]2.116: [scrub string table, 0.0002347 secs][1 CMS-remark: 6847K(6848K)] 9013K(9920K), 0.0041258 secs] [Times: user=0.05 sys=0.00, real=0.00 secs] 
2.117: [CMS-concurrent-sweep-start]
2.121: [CMS-concurrent-sweep: 0.004/0.004 secs] [Times: user=0.00 sys=0.00, real=0.00 secs] 
2.121: [CMS-concurrent-reset-start]
2.121: [CMS-concurrent-reset: 0.000/0.000 secs] [Times: user=0.00 sys=0.00, real=0.00 secs] 
2.149: [GC (Allocation Failure) 2.149: [ParNew: 3072K->3072K(3072K), 0.0000206 secs]2.149: [CMS: 6847K->6332K(6848K), 0.0253314 secs] 9919K->7825K(9920K), [Metaspace: 3484K->3484K(1056768K)], 0.0254288 secs] [Times: user=0.02 sys=0.00, real=0.03 secs] 
2.175: [GC (CMS Initial Mark) [1 CMS-initial-mark: 6332K(6848K)] 7879K(9920K), 0.0043212 secs] [Times: user=0.02 sys=0.00, real=0.00 secs] 
2.179: [CMS-concurrent-mark-start]
2.192: [CMS-concurrent-mark: 0.013/0.013 secs] [Times: user=0.02 sys=0.02, real=0.01 secs] 
2.192: [CMS-concurrent-preclean-start]
2.202: [CMS-concurrent-preclean: 0.009/0.009 secs] [Times: user=0.00 sys=0.00, real=0.01 secs] 
2.202: [CMS-concurrent-abortable-preclean-start]
2.202: [CMS-concurrent-abortable-preclean: 0.000/0.000 secs] [Times: user=0.00 sys=0.00, real=0.00 secs] 
2.202: [GC (CMS Final Remark) [YG occupancy: 2299 K (3072 K)]2.202: [Rescan (parallel) , 0.0027782 secs]2.205: [weak refs processing, 0.0000117 secs]2.205: [class unloading, 0.0003932 secs]2.205: [scrub symbol table, 0.0004703 secs]2.206: [scrub string table, 0.0002123 secs][1 CMS-remark: 6332K(6848K)] 8631K(9920K), 0.0039908 secs] [Times: user=0.00 sys=0.00, real=0.00 secs] 
2.206: [CMS-concurrent-sweep-start]
2.211: [CMS-concurrent-sweep: 0.005/0.005 secs] [Times: user=0.02 sys=0.00, real=0.00 secs] 
2.211: [CMS-concurrent-reset-start]
2.211: [CMS-concurrent-reset: 0.000/0.000 secs] [Times: user=0.00 sys=0.00, real=0.00 secs] 
2.228: [GC (Allocation Failure) 2.228: [ParNew: 3072K->3072K(3072K), 0.0000216 secs]2.228: [CMS: 6332K->6332K(6848K), 0.0214866 secs] 9404K->7924K(9920K), [Metaspace: 3484K->3484K(1056768K)], 0.0216519 secs] [Times: user=0.01 sys=0.00, real=0.02 secs] 
2.250: [GC (CMS Initial Mark) [1 CMS-initial-mark: 6332K(6848K)] 7970K(9920K), 0.0045723 secs] [Times: user=0.02 sys=0.00, real=0.00 secs] 
2.254: [CMS-concurrent-mark-start]
2.266: [CMS-concurrent-mark: 0.012/0.012 secs] [Times: user=0.00 sys=0.00, real=0.01 secs] 
2.266: [CMS-concurrent-preclean-start]
2.275: [CMS-concurrent-preclean: 0.009/0.009 secs] [Times: user=0.01 sys=0.00, real=0.01 secs] 
2.275: [CMS-concurrent-abortable-preclean-start]
2.275: [CMS-concurrent-abortable-preclean: 0.000/0.000 secs] [Times: user=0.00 sys=0.00, real=0.00 secs] 
2.277: [GC (CMS Final Remark) [YG occupancy: 2235 K (3072 K)]2.277: [Rescan (parallel) , 0.0030251 secs]2.280: [weak refs processing, 0.0000127 secs]2.280: [class unloading, 0.0003762 secs]2.280: [scrub symbol table, 0.0006414 secs]2.281: [scrub string table, 0.0002330 secs][1 CMS-remark: 6332K(6848K)] 8567K(9920K), 0.0044313 secs] [Times: user=0.00 sys=0.00, real=0.00 secs] 
2.281: [CMS-concurrent-sweep-start]
2.286: [CMS-concurrent-sweep: 0.005/0.005 secs] [Times: user=0.03 sys=0.00, real=0.00 secs] 
2.286: [CMS-concurrent-reset-start]
2.286: [CMS-concurrent-reset: 0.000/0.000 secs] [Times: user=0.00 sys=0.00, real=0.00 secs] 
2.304: [GC (Allocation Failure) 2.304: [ParNew: 3072K->3072K(3072K), 0.0000193 secs]2.304: [CMS: 6332K->6332K(6848K), 0.0243569 secs] 9404K->8016K(9920K), [Metaspace: 3484K->3484K(1056768K)], 0.0244392 secs] [Times: user=0.02 sys=0.00, real=0.03 secs] 
2.329: [GC (CMS Initial Mark) [1 CMS-initial-mark: 6332K(6848K)] 8057K(9920K), 0.0043360 secs] [Times: user=0.02 sys=0.00, real=0.00 secs] 
2.333: [CMS-concurrent-mark-start]
2.346: [CMS-concurrent-mark: 0.013/0.013 secs] [Times: user=0.00 sys=0.00, real=0.01 secs] 
2.347: [CMS-concurrent-preclean-start]
2.355: [CMS-concurrent-preclean: 0.009/0.009 secs] [Times: user=0.01 sys=0.02, real=0.01 secs] 
2.355: [CMS-concurrent-abortable-preclean-start]
2.355: [CMS-concurrent-abortable-preclean: 0.000/0.000 secs] [Times: user=0.00 sys=0.00, real=0.00 secs] 
2.357: [GC (CMS Final Remark) [YG occupancy: 2610 K (3072 K)]2.357: [Rescan (parallel) , 0.0031030 secs]2.360: [weak refs processing, 0.0000150 secs]2.360: [class unloading, 0.0003896 secs]2.360: [scrub symbol table, 0.0005558 secs]2.361: [scrub string table, 0.0002447 secs][1 CMS-remark: 6332K(6848K)] 8942K(9920K), 0.0044431 secs] [Times: user=0.00 sys=0.00, real=0.01 secs] 
2.361: [CMS-concurrent-sweep-start]
2.366: [CMS-concurrent-sweep: 0.005/0.005 secs] [Times: user=0.03 sys=0.00, real=0.00 secs] 
2.366: [CMS-concurrent-reset-start]
2.366: [CMS-concurrent-reset: 0.000/0.000 secs] [Times: user=0.00 sys=0.00, real=0.00 secs] 
2.379: [GC (Allocation Failure) 2.379: [ParNew: 3072K->3072K(3072K), 0.0000202 secs]2.379: [CMS: 6332K->6332K(6848K), 0.0246305 secs] 9404K->8103K(9920K), [Metaspace: 3484K->3484K(1056768K)], 0.0247285 secs] [Times: user=0.02 sys=0.00, real=0.03 secs] 
2.404: [GC (CMS Initial Mark) [1 CMS-initial-mark: 6332K(6848K)] 8139K(9920K), 0.0047830 secs] [Times: user=0.00 sys=0.00, real=0.00 secs] 
2.408: [CMS-concurrent-mark-start]
2.422: [CMS-concurrent-mark: 0.013/0.013 secs] [Times: user=0.02 sys=0.00, real=0.01 secs] 
2.422: [CMS-concurrent-preclean-start]
2.431: [CMS-concurrent-preclean: 0.009/0.009 secs] [Times: user=0.02 sys=0.02, real=0.01 secs] 
2.431: [CMS-concurrent-abortable-preclean-start]
2.431: [CMS-concurrent-abortable-preclean: 0.000/0.000 secs] [Times: user=0.00 sys=0.00, real=0.00 secs] 
2.431: [GC (CMS Final Remark) [YG occupancy: 2524 K (3072 K)]2.431: [Rescan (parallel) , 0.0032458 secs]2.435: [weak refs processing, 0.0000147 secs]2.435: [class unloading, 0.0004436 secs]2.435: [scrub symbol table, 0.0005318 secs]2.436: [scrub string table, 0.0002375 secs][1 CMS-remark: 6332K(6848K)] 8857K(9920K), 0.0045969 secs] [Times: user=0.00 sys=0.00, real=0.01 secs] 
2.436: [CMS-concurrent-sweep-start]
2.441: [CMS-concurrent-sweep: 0.005/0.005 secs] [Times: user=0.02 sys=0.02, real=0.00 secs] 
2.441: [CMS-concurrent-reset-start]
2.441: [CMS-concurrent-reset: 0.000/0.000 secs] [Times: user=0.00 sys=0.00, real=0.00 secs] 
2.454: [GC (Allocation Failure) 2.454: [ParNew: 3072K->3072K(3072K), 0.0000185 secs]2.454: [CMS: 6332K->6332K(6848K), 0.0219667 secs] 9404K->8184K(9920K), [Metaspace: 3484K->3484K(1056768K)], 0.0220553 secs] [Times: user=0.03 sys=0.00, real=0.02 secs] 
2.476: [GC (CMS Initial Mark) [1 CMS-initial-mark: 6332K(6848K)] 8184K(9920K), 0.0045131 secs] [Times: user=0.00 sys=0.00, real=0.00 secs] 
2.481: [CMS-concurrent-mark-start]
2.493: [CMS-concurrent-mark: 0.012/0.012 secs] [Times: user=0.03 sys=0.00, real=0.01 secs] 
2.493: [CMS-concurrent-preclean-start]
2.503: [CMS-concurrent-preclean: 0.010/0.010 secs] [Times: user=0.00 sys=0.00, real=0.01 secs] 
2.503: [CMS-concurrent-abortable-preclean-start]
2.503: [CMS-concurrent-abortable-preclean: 0.000/0.000 secs] [Times: user=0.00 sys=0.00, real=0.00 secs] 
2.513: [GC (CMS Final Remark) [YG occupancy: 2951 K (3072 K)]2.513: [Rescan (parallel) , 0.0030736 secs]2.516: [weak refs processing, 0.0000154 secs]2.516: [class unloading, 0.0004125 secs]2.517: [scrub symbol table, 0.0008172 secs]2.518: [scrub string table, 0.0002376 secs][1 CMS-remark: 6332K(6848K)] 9283K(9920K), 0.0047241 secs] [Times: user=0.00 sys=0.00, real=0.01 secs] 
2.518: [CMS-concurrent-sweep-start]
2.523: [CMS-concurrent-sweep: 0.005/0.005 secs] [Times: user=0.02 sys=0.01, real=0.00 secs] 
2.523: [CMS-concurrent-reset-start]
2.523: [CMS-concurrent-reset: 0.000/0.000 secs] [Times: user=0.00 sys=0.00, real=0.00 secs] 
2.528: [GC (Allocation Failure) 2.528: [ParNew: 3072K->3072K(3072K), 0.0000184 secs]2.528: [CMS: 6332K->6332K(6848K), 0.0259752 secs] 9404K->8260K(9920K), [Metaspace: 3484K->3484K(1056768K)], 0.0260710 secs] [Times: user=0.03 sys=0.00, real=0.03 secs] 
2.556: [GC (CMS Initial Mark) [1 CMS-initial-mark: 6332K(6848K)] 8290K(9920K), 0.0048599 secs] [Times: user=0.00 sys=0.00, real=0.01 secs] 
2.561: [CMS-concurrent-mark-start]
2.574: [CMS-concurrent-mark: 0.013/0.013 secs] [Times: user=0.02 sys=0.00, real=0.01 secs] 
2.574: [CMS-concurrent-preclean-start]
2.584: [CMS-concurrent-preclean: 0.011/0.011 secs] [Times: user=0.03 sys=0.00, real=0.01 secs] 
2.584: [CMS-concurrent-abortable-preclean-start]
2.584: [CMS-concurrent-abortable-preclean: 0.000/0.000 secs] [Times: user=0.00 sys=0.00, real=0.00 secs] 
2.585: [GC (CMS Final Remark) [YG occupancy: 2796 K (3072 K)]2.585: [Rescan (parallel) , 0.0033070 secs]2.588: [weak refs processing, 0.0000132 secs]2.588: [class unloading, 0.0003857 secs]2.588: [scrub symbol table, 0.0005505 secs]2.589: [scrub string table, 0.0002447 secs][1 CMS-remark: 6332K(6848K)] 9129K(9920K), 0.0046175 secs] [Times: user=0.00 sys=0.00, real=0.00 secs] 
2.589: [CMS-concurrent-sweep-start]
2.594: [CMS-concurrent-sweep: 0.005/0.005 secs] [Times: user=0.00 sys=0.00, real=0.01 secs] 
2.594: [CMS-concurrent-reset-start]
2.594: [CMS-concurrent-reset: 0.000/0.000 secs] [Times: user=0.00 sys=0.00, real=0.00 secs] 
2.602: [GC (Allocation Failure) 2.602: [ParNew: 3072K->3072K(3072K), 0.0000185 secs]2.602: [CMS: 6332K->6332K(6848K), 0.0268465 secs] 9404K->8332K(9920K), [Metaspace: 3484K->3484K(1056768K)], 0.0269305 secs] [Times: user=0.03 sys=0.00, real=0.03 secs] 
2.629: [GC (CMS Initial Mark) [1 CMS-initial-mark: 6332K(6848K)] 8332K(9920K), 0.0050147 secs] [Times: user=0.00 sys=0.00, real=0.00 secs] 
2.634: [CMS-concurrent-mark-start]
2.647: [CMS-concurrent-mark: 0.012/0.012 secs] [Times: user=0.02 sys=0.02, real=0.01 secs] 
2.647: [CMS-concurrent-preclean-start]
2.656: [CMS-concurrent-preclean: 0.009/0.009 secs] [Times: user=0.00 sys=0.00, real=0.01 secs] 
2.656: [CMS-concurrent-abortable-preclean-start]
2.656: [CMS-concurrent-abortable-preclean: 0.000/0.000 secs] [Times: user=0.00 sys=0.00, real=0.00 secs] 
2.656: [GC (CMS Final Remark) [YG occupancy: 2681 K (3072 K)]2.656: [Rescan (parallel) , 0.0035123 secs]2.660: [weak refs processing, 0.0000182 secs]2.660: [class unloading, 0.0004117 secs]2.660: [scrub symbol table, 0.0006334 secs]2.661: [scrub string table, 0.0002492 secs][1 CMS-remark: 6332K(6848K)] 9014K(9920K), 0.0049311 secs] [Times: user=0.05 sys=0.00, real=0.01 secs] 
2.661: [CMS-concurrent-sweep-start]
2.666: [CMS-concurrent-sweep: 0.005/0.005 secs] [Times: user=0.00 sys=0.00, real=0.00 secs] 
2.666: [CMS-concurrent-reset-start]
2.666: [CMS-concurrent-reset: 0.000/0.000 secs] [Times: user=0.00 sys=0.00, real=0.00 secs] 
2.679: [GC (Allocation Failure) 2.679: [ParNew: 3072K->3072K(3072K), 0.0000198 secs]2.679: [CMS: 6332K->6332K(6848K), 0.0258298 secs] 9404K->8399K(9920K), [Metaspace: 3484K->3484K(1056768K)], 0.0259167 secs] [Times: user=0.01 sys=0.00, real=0.03 secs] 
2.705: [GC (CMS Initial Mark) [1 CMS-initial-mark: 6332K(6848K)] 8424K(9920K), 0.0050475 secs] [Times: user=0.02 sys=0.00, real=0.01 secs] 
2.710: [CMS-concurrent-mark-start]
2.723: [CMS-concurrent-mark: 0.013/0.013 secs] [Times: user=0.02 sys=0.00, real=0.01 secs] 
2.723: [CMS-concurrent-preclean-start]
2.733: [CMS-concurrent-preclean: 0.010/0.010 secs] [Times: user=0.00 sys=0.00, real=0.01 secs] 
2.733: [CMS-concurrent-abortable-preclean-start]
2.733: [CMS-concurrent-abortable-preclean: 0.000/0.000 secs] [Times: user=0.00 sys=0.00, real=0.00 secs] 
2.735: [GC (CMS Final Remark) [YG occupancy: 2722 K (3072 K)]2.735: [Rescan (parallel) , 0.0035858 secs]2.738: [weak refs processing, 0.0000203 secs]2.738: [class unloading, 0.0004042 secs]2.739: [scrub symbol table, 0.0006536 secs]2.740: [scrub string table, 0.0002346 secs][1 CMS-remark: 6332K(6848K)] 9055K(9920K), 0.0050489 secs] [Times: user=0.05 sys=0.00, real=0.01 secs] 
2.740: [CMS-concurrent-sweep-start]
2.745: [CMS-concurrent-sweep: 0.005/0.005 secs] [Times: user=0.00 sys=0.00, real=0.01 secs] 
2.745: [CMS-concurrent-reset-start]
2.745: [CMS-concurrent-reset: 0.000/0.000 secs] [Times: user=0.00 sys=0.00, real=0.00 secs] 
2.762: [GC (Allocation Failure) 2.762: [ParNew: 3072K->3072K(3072K), 0.0000189 secs]2.762: [CMS: 6332K->6332K(6848K), 0.0270311 secs] 9404K->8461K(9920K), [Metaspace: 3484K->3484K(1056768K)], 0.0271340 secs] [Times: user=0.03 sys=0.00, real=0.03 secs] 
2.791: [GC (CMS Initial Mark) [1 CMS-initial-mark: 6332K(6848K)] 8485K(9920K), 0.0051065 secs] [Times: user=0.00 sys=0.00, real=0.00 secs] 
2.797: [CMS-concurrent-mark-start]
2.808: [CMS-concurrent-mark: 0.012/0.012 secs] [Times: user=0.02 sys=0.00, real=0.01 secs] 
2.808: [CMS-concurrent-preclean-start]
2.817: [CMS-concurrent-preclean: 0.009/0.009 secs] [Times: user=0.02 sys=0.01, real=0.01 secs] 
2.817: [CMS-concurrent-abortable-preclean-start]
2.817: [CMS-concurrent-abortable-preclean: 0.000/0.000 secs] [Times: user=0.00 sys=0.00, real=0.00 secs] 
2.821: [GC (CMS Final Remark) [YG occupancy: 2621 K (3072 K)]2.821: [Rescan (parallel) , 0.0035844 secs]2.825: [weak refs processing, 0.0000151 secs]2.825: [class unloading, 0.0003932 secs]2.825: [scrub symbol table, 0.0006374 secs]2.826: [scrub string table, 0.0003125 secs][1 CMS-remark: 6332K(6848K)] 8954K(9920K), 0.0050922 secs] [Times: user=0.00 sys=0.00, real=0.00 secs] 
2.828: [CMS-concurrent-sweep-start]
2.833: [CMS-concurrent-sweep: 0.005/0.005 secs] [Times: user=0.02 sys=0.00, real=0.01 secs] 
2.833: [CMS-concurrent-reset-start]
2.833: [CMS-concurrent-reset: 0.000/0.000 secs] [Times: user=0.00 sys=0.00, real=0.00 secs] 
2.845: [GC (Allocation Failure) 2.845: [ParNew: 3072K->3072K(3072K), 0.0000215 secs]2.845: [CMS: 6332K->6332K(6848K), 0.0265012 secs] 9404K->8520K(9920K), [Metaspace: 3484K->3484K(1056768K)], 0.0265955 secs] [Times: user=0.02 sys=0.00, real=0.03 secs] 
2.871: [GC (CMS Initial Mark) [1 CMS-initial-mark: 6332K(6848K)] 8520K(9920K), 0.0051313 secs] [Times: user=0.00 sys=0.00, real=0.00 secs] 
2.877: [CMS-concurrent-mark-start]
2.889: [CMS-concurrent-mark: 0.012/0.012 secs] [Times: user=0.02 sys=0.02, real=0.01 secs] 
2.889: [CMS-concurrent-preclean-start]
2.897: [CMS-concurrent-preclean: 0.008/0.008 secs] [Times: user=0.01 sys=0.00, real=0.01 secs] 
2.897: [CMS-concurrent-abortable-preclean-start]
2.897: [CMS-concurrent-abortable-preclean: 0.000/0.000 secs] [Times: user=0.00 sys=0.00, real=0.00 secs] 
2.897: [GC (CMS Final Remark) [YG occupancy: 2428 K (3072 K)]2.897: [Rescan (parallel) , 0.0044163 secs]2.902: [weak refs processing, 0.0000137 secs]2.902: [class unloading, 0.0003991 secs]2.902: [scrub symbol table, 0.0006025 secs]2.903: [scrub string table, 0.0002345 secs][1 CMS-remark: 6332K(6848K)] 8761K(9920K), 0.0057887 secs] [Times: user=0.00 sys=0.00, real=0.01 secs] 
2.905: [CMS-concurrent-sweep-start]
2.910: [CMS-concurrent-sweep: 0.005/0.005 secs] [Times: user=0.03 sys=0.00, real=0.01 secs] 
2.910: [CMS-concurrent-reset-start]
2.910: [CMS-concurrent-reset: 0.000/0.000 secs] [Times: user=0.00 sys=0.00, real=0.00 secs] 
2.924: [GC (Allocation Failure) 2.924: [ParNew: 3072K->3072K(3072K), 0.0000188 secs]2.924: [CMS: 6332K->6332K(6848K), 0.0264235 secs] 9404K->8576K(9920K), [Metaspace: 3484K->3484K(1056768K)], 0.0265278 secs] [Times: user=0.03 sys=0.00, real=0.03 secs] 
2.954: [GC (CMS Initial Mark) [1 CMS-initial-mark: 6332K(6848K)] 8576K(9920K), 0.0052720 secs] [Times: user=0.02 sys=0.00, real=0.01 secs] 
2.960: [CMS-concurrent-mark-start]
2.971: [CMS-concurrent-mark: 0.012/0.012 secs] [Times: user=0.00 sys=0.00, real=0.01 secs] 
2.971: [CMS-concurrent-preclean-start]
2.979: [CMS-concurrent-preclean: 0.008/0.008 secs] [Times: user=0.02 sys=0.00, real=0.01 secs] 
2.979: [CMS-concurrent-abortable-preclean-start]
2.979: [CMS-concurrent-abortable-preclean: 0.000/0.000 secs] [Times: user=0.00 sys=0.00, real=0.00 secs] 
2.979: [GC (CMS Final Remark) [YG occupancy: 2406 K (3072 K)]2.979: [Rescan (parallel) , 0.0038513 secs]2.983: [weak refs processing, 0.0000143 secs]2.983: [class unloading, 0.0004781 secs]2.984: [scrub symbol table, 0.0008729 secs]2.985: [scrub string table, 0.0002279 secs][1 CMS-remark: 6332K(6848K)] 8739K(9920K), 0.0055994 secs] [Times: user=0.00 sys=0.00, real=0.01 secs] 
2.985: [CMS-concurrent-sweep-start]
2.990: [CMS-concurrent-sweep: 0.005/0.005 secs] [Times: user=0.02 sys=0.00, real=0.00 secs] 
2.990: [CMS-concurrent-reset-start]
2.990: [CMS-concurrent-reset: 0.000/0.000 secs] [Times: user=0.00 sys=0.00, real=0.00 secs] 
3.018: [GC (Allocation Failure) 3.018: [ParNew: 3072K->3072K(3072K), 0.0000284 secs]3.018: [CMS: 6332K->6332K(6848K), 0.0253147 secs] 9404K->8627K(9920K), [Metaspace: 3484K->3484K(1056768K)], 0.0254300 secs] [Times: user=0.03 sys=0.00, real=0.02 secs] 
3.044: [GC (CMS Initial Mark) [1 CMS-initial-mark: 6332K(6848K)] 8646K(9920K), 0.0052423 secs] [Times: user=0.00 sys=0.00, real=0.01 secs] 
3.049: [CMS-concurrent-mark-start]
3.061: [CMS-concurrent-mark: 0.012/0.012 secs] [Times: user=0.01 sys=0.00, real=0.01 secs] 
3.061: [CMS-concurrent-preclean-start]
3.070: [CMS-concurrent-preclean: 0.009/0.009 secs] [Times: user=0.02 sys=0.00, real=0.01 secs] 
3.070: [CMS-concurrent-abortable-preclean-start]
3.070: [CMS-concurrent-abortable-preclean: 0.000/0.000 secs] [Times: user=0.00 sys=0.00, real=0.00 secs] 
3.072: [GC (CMS Final Remark) [YG occupancy: 2953 K (3072 K)]3.072: [Rescan (parallel) , 0.0037459 secs]3.076: [weak refs processing, 0.0000128 secs]3.076: [class unloading, 0.0004237 secs]3.076: [scrub symbol table, 0.0005792 secs]3.077: [scrub string table, 0.0002470 secs][1 CMS-remark: 6332K(6848K)] 9285K(9920K), 0.0051564 secs] [Times: user=0.00 sys=0.00, real=0.01 secs] 
3.077: [CMS-concurrent-sweep-start]
3.089: [CMS-concurrent-sweep: 0.008/0.012 secs] [Times: user=0.03 sys=0.00, real=0.01 secs] 
3.089: [GC (Allocation Failure) 3.089: [ParNew: 3072K->3072K(3072K), 0.0000207 secs]3.089: [CMS: 6353K->6334K(6848K), 0.0257999 secs] 9425K->8678K(9920K), [Metaspace: 3484K->3484K(1056768K)], 0.0258857 secs] [Times: user=0.03 sys=0.00, real=0.03 secs] 
3.192: [Full GC (Allocation Failure) 3.192: [CMS: 6847K->6381K(6848K), 0.0273283 secs] 9919K->8770K(9920K), [Metaspace: 3484K->3484K(1056768K)], 0.0273931 secs] [Times: user=0.02 sys=0.00, real=0.03 secs] 
3.220: [GC (CMS Initial Mark) [1 CMS-initial-mark: 6381K(6848K)] 8790K(9920K), 0.0053433 secs] [Times: user=0.02 sys=0.00, real=0.01 secs] 
3.226: [CMS-concurrent-mark-start]
3.238: [CMS-concurrent-mark: 0.013/0.013 secs] [Times: user=0.02 sys=0.02, real=0.01 secs] 
3.238: [CMS-concurrent-preclean-start]
3.246: [CMS-concurrent-preclean: 0.008/0.008 secs] [Times: user=0.00 sys=0.00, real=0.01 secs] 
3.247: [CMS-concurrent-abortable-preclean-start]
3.247: [CMS-concurrent-abortable-preclean: 0.000/0.000 secs] [Times: user=0.00 sys=0.00, real=0.00 secs] 
3.247: [GC (CMS Final Remark) [YG occupancy: 2713 K (3072 K)]3.247: [Rescan (parallel) , 0.0044673 secs]3.251: [weak refs processing, 0.0000138 secs]3.251: [class unloading, 0.0004498 secs]3.252: [scrub symbol table, 0.0006284 secs]3.252: [scrub string table, 0.0002456 secs][1 CMS-remark: 6381K(6848K)] 9094K(9920K), 0.0059300 secs] [Times: user=0.00 sys=0.00, real=0.01 secs] 
3.253: [CMS-concurrent-sweep-start]
3.258: [CMS-concurrent-sweep: 0.005/0.005 secs] [Times: user=0.02 sys=0.00, real=0.01 secs] 
3.258: [CMS-concurrent-reset-start]
3.258: [CMS-concurrent-reset: 0.000/0.000 secs] [Times: user=0.00 sys=0.00, real=0.00 secs] 
3.272: [GC (Allocation Failure) 3.272: [ParNew: 3072K->3072K(3072K), 0.0000205 secs]3.272: [CMS: 6380K->6380K(6848K), 0.0261060 secs] 9452K->8812K(9920K), [Metaspace: 3484K->3484K(1056768K)], 0.0261944 secs] [Times: user=0.01 sys=0.00, real=0.03 secs] 
3.298: [GC (CMS Initial Mark) [1 CMS-initial-mark: 6380K(6848K)] 8830K(9920K), 0.0058457 secs] [Times: user=0.02 sys=0.00, real=0.01 secs] 
3.304: [CMS-concurrent-mark-start]
3.317: [CMS-concurrent-mark: 0.013/0.013 secs] [Times: user=0.01 sys=0.00, real=0.01 secs] 
3.317: [CMS-concurrent-preclean-start]
3.326: [CMS-concurrent-preclean: 0.009/0.009 secs] [Times: user=0.00 sys=0.00, real=0.01 secs] 
3.326: [CMS-concurrent-abortable-preclean-start]
3.326: [CMS-concurrent-abortable-preclean: 0.000/0.000 secs] [Times: user=0.00 sys=0.00, real=0.00 secs] 
3.326: [GC (CMS Final Remark) [YG occupancy: 2955 K (3072 K)]3.326: [Rescan (parallel) , 0.0040608 secs]3.331: [weak refs processing, 0.0000133 secs]3.331: [class unloading, 0.0003742 secs]3.331: [scrub symbol table, 0.0006297 secs]3.332: [scrub string table, 0.0002347 secs][1 CMS-remark: 6380K(6848K)] 9336K(9920K), 0.0054382 secs] [Times: user=0.02 sys=0.00, real=0.00 secs] 
3.332: [CMS-concurrent-sweep-start]
3.338: [CMS-concurrent-sweep: 0.006/0.006 secs] [Times: user=0.00 sys=0.00, real=0.01 secs] 
3.338: [GC (Allocation Failure) 3.338: [ParNew: 3072K->3072K(3072K), 0.0000184 secs]3.338: [CMS: 6413K->6383K(6848K), 0.0274693 secs] 9485K->8855K(9920K), [Metaspace: 3484K->3484K(1056768K)], 0.0275480 secs] [Times: user=0.03 sys=0.00, real=0.03 secs] 
3.409: [Full GC (Allocation Failure) 3.410: [CMS: 6847K->6426K(6848K), 0.0258620 secs] 9919K->8935K(9920K), [Metaspace: 3484K->3484K(1056768K)], 0.0259207 secs] [Times: user=0.01 sys=0.00, real=0.03 secs] 
3.436: [GC (CMS Initial Mark) [1 CMS-initial-mark: 6426K(6848K)] 8935K(9920K), 0.0056289 secs] [Times: user=0.02 sys=0.00, real=0.01 secs] 
3.441: [CMS-concurrent-mark-start]
3.453: [CMS-concurrent-mark: 0.012/0.012 secs] [Times: user=0.00 sys=0.00, real=0.01 secs] 
3.453: [CMS-concurrent-preclean-start]
3.461: [CMS-concurrent-preclean: 0.008/0.008 secs] [Times: user=0.01 sys=0.02, real=0.01 secs] 
3.461: [CMS-concurrent-abortable-preclean-start]
3.461: [CMS-concurrent-abortable-preclean: 0.000/0.000 secs] [Times: user=0.00 sys=0.00, real=0.00 secs] 
3.462: [GC (CMS Final Remark) [YG occupancy: 2865 K (3072 K)]3.462: [Rescan (parallel) , 0.0041301 secs]3.466: [weak refs processing, 0.0000130 secs]3.466: [class unloading, 0.0004102 secs]3.467: [scrub symbol table, 0.0007444 secs]3.468: [scrub string table, 0.0002400 secs][1 CMS-remark: 6426K(6848K)] 9291K(9920K), 0.0056767 secs] [Times: user=0.00 sys=0.00, real=0.00 secs] 
3.468: [CMS-concurrent-sweep-start]
3.473: [CMS-concurrent-sweep: 0.005/0.005 secs] [Times: user=0.02 sys=0.00, real=0.01 secs] 
3.473: [CMS-concurrent-reset-start]
3.473: [CMS-concurrent-reset: 0.000/0.000 secs] [Times: user=0.00 sys=0.00, real=0.00 secs] 
3.480: [GC (Allocation Failure) 3.480: [ParNew: 3072K->3072K(3072K), 0.0000205 secs]3.480: [CMS: 6426K->6426K(6848K), 0.0264288 secs] 9498K->8970K(9920K), [Metaspace: 3484K->3484K(1056768K)], 0.0265198 secs] [Times: user=0.03 sys=0.00, real=0.03 secs] 
3.507: [GC (CMS Initial Mark) [1 CMS-initial-mark: 6426K(6848K)] 8986K(9920K), 0.0055294 secs] [Times: user=0.00 sys=0.00, real=0.01 secs] 
3.512: [CMS-concurrent-mark-start]
3.525: [CMS-concurrent-mark: 0.013/0.013 secs] [Times: user=0.03 sys=0.00, real=0.01 secs] 
3.525: [CMS-concurrent-preclean-start]
3.540: [CMS-concurrent-preclean: 0.012/0.014 secs] [Times: user=0.01 sys=0.01, real=0.01 secs] 
3.540: [CMS-concurrent-abortable-preclean-start]
3.540: [CMS-concurrent-abortable-preclean: 0.000/0.000 secs] [Times: user=0.00 sys=0.00, real=0.00 secs] 
3.540: [GC (CMS Final Remark) [YG occupancy: 3072 K (3072 K)]3.540: [Rescan (parallel) , 0.0040331 secs]3.544: [weak refs processing, 0.0000159 secs]3.544: [class unloading, 0.0004021 secs]3.544: [scrub symbol table, 0.0006163 secs]3.545: [scrub string table, 0.0002641 secs][1 CMS-remark: 6610K(6848K)] 9682K(9920K), 0.0054666 secs] [Times: user=0.00 sys=0.00, real=0.01 secs] 
3.546: [CMS-concurrent-sweep-start]
3.552: [CMS-concurrent-sweep: 0.006/0.007 secs] [Times: user=0.02 sys=0.00, real=0.01 secs] 
3.553: [GC (Allocation Failure) 3.553: [ParNew: 3072K->3072K(3072K), 0.0000194 secs]3.553: [CMS: 6673K->6448K(6848K), 0.0357758 secs] 9745K->9026K(9920K), [Metaspace: 3484K->3484K(1056768K)], 0.0358600 secs] [Times: user=0.01 sys=0.00, real=0.04 secs] 
3.636: [Full GC (Allocation Failure) 3.636: [CMS: 6847K->6484K(6848K), 0.0252672 secs] 9919K->9093K(9920K), [Metaspace: 3484K->3484K(1056768K)], 0.0253476 secs] [Times: user=0.03 sys=0.00, real=0.03 secs] 
3.662: [GC (CMS Initial Mark) [1 CMS-initial-mark: 6484K(6848K)] 9109K(9920K), 0.0058051 secs] [Times: user=0.00 sys=0.00, real=0.01 secs] 
3.668: [CMS-concurrent-mark-start]
3.680: [CMS-concurrent-mark: 0.012/0.012 secs] [Times: user=0.03 sys=0.00, real=0.01 secs] 
3.680: [CMS-concurrent-preclean-start]
3.694: [CMS-concurrent-preclean: 0.011/0.013 secs] [Times: user=0.00 sys=0.02, real=0.01 secs] 
3.694: [CMS-concurrent-abortable-preclean-start]
3.694: [CMS-concurrent-abortable-preclean: 0.000/0.000 secs] [Times: user=0.00 sys=0.00, real=0.00 secs] 
3.694: [GC (CMS Final Remark) [YG occupancy: 3072 K (3072 K)]3.694: [Rescan (parallel) , 0.0041071 secs]3.698: [weak refs processing, 0.0000133 secs]3.698: [class unloading, 0.0004343 secs]3.698: [scrub symbol table, 0.0008029 secs]3.699: [scrub string table, 0.0003339 secs][1 CMS-remark: 6588K(6848K)] 9660K(9920K), 0.0058390 secs] [Times: user=0.00 sys=0.00, real=0.01 secs] 
3.700: [CMS-concurrent-sweep-start]
3.707: [CMS-concurrent-sweep: 0.006/0.008 secs] [Times: user=0.01 sys=0.02, real=0.01 secs] 
3.707: [GC (Allocation Failure) 3.707: [ParNew: 3072K->3072K(3072K), 0.0000185 secs]3.707: [CMS: 6685K->6503K(6848K), 0.0282567 secs] 9757K->9140K(9920K), [Metaspace: 3484K->3484K(1056768K)], 0.0283518 secs] [Times: user=0.02 sys=0.00, real=0.03 secs] 
3.777: [Full GC (Allocation Failure) 3.777: [CMS: 6847K->6534K(6848K), 0.0284477 secs] 9919K->9199K(9920K), [Metaspace: 3484K->3484K(1056768K)], 0.0285157 secs] [Times: user=0.03 sys=0.00, real=0.03 secs] 
3.805: [GC (CMS Initial Mark) [1 CMS-initial-mark: 6534K(6848K)] 9214K(9920K), 0.0058322 secs] [Times: user=0.00 sys=0.00, real=0.01 secs] 
3.811: [CMS-concurrent-mark-start]
3.825: [CMS-concurrent-mark: 0.014/0.014 secs] [Times: user=0.02 sys=0.00, real=0.01 secs] 
3.825: [CMS-concurrent-preclean-start]
3.833: [CMS-concurrent-preclean: 0.008/0.008 secs] [Times: user=0.02 sys=0.00, real=0.01 secs] 
3.834: [CMS-concurrent-abortable-preclean-start]
3.834: [CMS-concurrent-abortable-preclean: 0.000/0.000 secs] [Times: user=0.00 sys=0.00, real=0.00 secs] 
3.834: [GC (CMS Final Remark) [YG occupancy: 3005 K (3072 K)]3.834: [Rescan (parallel) , 0.0043340 secs]3.838: [weak refs processing, 0.0000134 secs]3.838: [class unloading, 0.0003912 secs]3.838: [scrub symbol table, 0.0005532 secs]3.839: [scrub string table, 0.0002382 secs][1 CMS-remark: 6534K(6848K)] 9539K(9920K), 0.0056573 secs] [Times: user=0.00 sys=0.00, real=0.01 secs] 
3.839: [CMS-concurrent-sweep-start]
3.844: [CMS-concurrent-sweep: 0.005/0.005 secs] [Times: user=0.00 sys=0.00, real=0.00 secs] 
3.844: [CMS-concurrent-reset-start]
3.844: [CMS-concurrent-reset: 0.000/0.000 secs] [Times: user=0.00 sys=0.00, real=0.00 secs] 
3.846: [GC (Allocation Failure) 3.846: [ParNew: 3072K->3072K(3072K), 0.0000187 secs]3.846: [CMS: 6534K->6534K(6848K), 0.0272620 secs] 9606K->9224K(9920K), [Metaspace: 3484K->3484K(1056768K)], 0.0273620 secs] [Times: user=0.03 sys=0.00, real=0.03 secs] 
3.873: [GC (CMS Initial Mark) [1 CMS-initial-mark: 6534K(6848K)] 9237K(9920K), 0.0060197 secs] [Times: user=0.02 sys=0.00, real=0.01 secs] 
3.879: [CMS-concurrent-mark-start]
3.893: [CMS-concurrent-mark: 0.014/0.014 secs] [Times: user=0.00 sys=0.00, real=0.01 secs] 
3.893: [CMS-concurrent-preclean-start]
3.909: [CMS-concurrent-preclean: 0.013/0.017 secs] [Times: user=0.01 sys=0.02, real=0.02 secs] 
3.909: [CMS-concurrent-abortable-preclean-start]
3.909: [CMS-concurrent-abortable-preclean: 0.000/0.000 secs] [Times: user=0.00 sys=0.00, real=0.00 secs] 
3.910: [GC (CMS Final Remark) [YG occupancy: 3072 K (3072 K)]3.910: [Rescan (parallel) , 0.0044922 secs]3.914: [weak refs processing, 0.0000144 secs]3.914: [class unloading, 0.0004219 secs]3.915: [scrub symbol table, 0.0005927 secs]3.915: [scrub string table, 0.0006553 secs][1 CMS-remark: 6773K(6848K)] 9845K(9920K), 0.0063160 secs] [Times: user=0.03 sys=0.00, real=0.01 secs] 
3.917: [CMS-concurrent-sweep-start]
3.922: [Full GC (Allocation Failure) 3.922: [CMS3.924: [CMS-concurrent-sweep: 0.006/0.008 secs] [Times: user=0.00 sys=0.00, real=0.01 secs] 
 (concurrent mode failure): 6847K->6563K(6848K), 0.0305416 secs] 9919K->9276K(9920K), [Metaspace: 3484K->3484K(1056768K)], 0.0306251 secs] [Times: user=0.03 sys=0.00, real=0.03 secs] 
3.993: [Full GC (Allocation Failure) 3.993: [CMS: 6847K->6589K(6848K), 0.0278950 secs] 9919K->9325K(9920K), [Metaspace: 3484K->3484K(1056768K)], 0.0279625 secs] [Times: user=0.03 sys=0.00, real=0.03 secs] 
4.022: [GC (CMS Initial Mark) [1 CMS-initial-mark: 6589K(6848K)] 9325K(9920K), 0.0059020 secs] [Times: user=0.00 sys=0.00, real=0.01 secs] 
4.027: [CMS-concurrent-mark-start]
4.040: [CMS-concurrent-mark: 0.013/0.013 secs] [Times: user=0.03 sys=0.00, real=0.01 secs] 
4.040: [CMS-concurrent-preclean-start]
4.049: [CMS-concurrent-preclean: 0.009/0.009 secs] [Times: user=0.00 sys=0.00, real=0.01 secs] 
4.049: [CMS-concurrent-abortable-preclean-start]
4.049: [CMS-concurrent-abortable-preclean: 0.000/0.000 secs] [Times: user=0.00 sys=0.00, real=0.00 secs] 
4.049: [GC (CMS Final Remark) [YG occupancy: 2875 K (3072 K)]4.049: [Rescan (parallel) , 0.0044066 secs]4.054: [weak refs processing, 0.0000131 secs]4.054: [class unloading, 0.0003922 secs]4.054: [scrub symbol table, 0.0005880 secs]4.055: [scrub string table, 0.0002099 secs][1 CMS-remark: 6589K(6848K)] 9464K(9920K), 0.0057585 secs] [Times: user=0.05 sys=0.00, real=0.01 secs] 
4.058: [CMS-concurrent-sweep-start]
4.065: [CMS-concurrent-sweep: 0.007/0.007 secs] [Times: user=0.00 sys=0.00, real=0.01 secs] 
4.065: [CMS-concurrent-reset-start]
4.065: [GC (Allocation Failure) 4.065: [ParNew: 3072K->3072K(3072K), 0.0000182 secs]4.065: [CMS4.065: [CMS-concurrent-reset: 0.000/0.000 secs] [Times: user=0.00 sys=0.00, real=0.00 secs] 
: 6620K->6591K(6848K), 0.0285326 secs] 9692K->9348K(9920K), [Metaspace: 3484K->3484K(1056768K)], 0.0286243 secs] [Times: user=0.03 sys=0.00, real=0.03 secs] 
4.117: [Full GC (Allocation Failure) 4.117: [CMS: 6847K->6615K(6848K), 0.0276878 secs] 9919K->9391K(9920K), [Metaspace: 3484K->3484K(1056768K)], 0.0277498 secs] [Times: user=0.03 sys=0.00, real=0.03 secs] 
4.145: [GC (CMS Initial Mark) [1 CMS-initial-mark: 6615K(6848K)] 9391K(9920K), 0.0059717 secs] [Times: user=0.00 sys=0.00, real=0.01 secs] 
4.151: [CMS-concurrent-mark-start]
4.162: [CMS-concurrent-mark: 0.012/0.012 secs] [Times: user=0.03 sys=0.00, real=0.01 secs] 
4.162: [CMS-concurrent-preclean-start]
4.174: [CMS-concurrent-preclean: 0.010/0.012 secs] [Times: user=0.00 sys=0.00, real=0.01 secs] 
4.174: [CMS-concurrent-abortable-preclean-start]
4.174: [CMS-concurrent-abortable-preclean: 0.000/0.000 secs] [Times: user=0.00 sys=0.00, real=0.00 secs] 
4.174: [GC (CMS Final Remark) [YG occupancy: 3071 K (3072 K)]4.174: [Rescan (parallel) , 0.0046979 secs]4.179: [weak refs processing, 0.0000150 secs]4.179: [class unloading, 0.0004182 secs]4.180: [scrub symbol table, 0.0005271 secs]4.180: [scrub string table, 0.0002333 secs][1 CMS-remark: 6720K(6848K)] 9792K(9920K), 0.0060247 secs] [Times: user=0.03 sys=0.00, real=0.01 secs] 
4.182: [CMS-concurrent-sweep-start]
4.188: [CMS-concurrent-sweep: 0.006/0.006 secs] [Times: user=0.00 sys=0.00, real=0.01 secs] 
4.188: [CMS-concurrent-reset-start]
4.188: [GC (Allocation Failure) 4.188: [ParNew: 3071K->3071K(3072K), 0.0000187 secs]4.188: [CMS4.188: [CMS-concurrent-reset: 0.000/0.000 secs] [Times: user=0.00 sys=0.00, real=0.00 secs] 
: 6766K->6628K(6848K), 0.0364529 secs] 9838K->9424K(9920K), [Metaspace: 3484K->3484K(1056768K)], 0.0365445 secs] [Times: user=0.05 sys=0.00, real=0.04 secs] 
4.245: [Full GC (Allocation Failure) 4.245: [CMS: 6847K->6648K(6848K), 0.0290035 secs] 9919K->9461K(9920K), [Metaspace: 3484K->3484K(1056768K)], 0.0290966 secs] [Times: user=0.03 sys=0.00, real=0.03 secs] 
4.274: [GC (CMS Initial Mark) [1 CMS-initial-mark: 6648K(6848K)] 9461K(9920K), 0.0061851 secs] [Times: user=0.00 sys=0.00, real=0.01 secs] 
4.280: [CMS-concurrent-mark-start]
4.293: [CMS-concurrent-mark: 0.013/0.013 secs] [Times: user=0.03 sys=0.00, real=0.01 secs] 
4.293: [CMS-concurrent-preclean-start]
4.303: [CMS-concurrent-preclean: 0.010/0.010 secs] [Times: user=0.00 sys=0.02, real=0.01 secs] 
4.303: [CMS-concurrent-abortable-preclean-start]
4.303: [CMS-concurrent-abortable-preclean: 0.000/0.000 secs] [Times: user=0.00 sys=0.00, real=0.00 secs] 
4.309: [GC (CMS Final Remark) [YG occupancy: 3071 K (3072 K)]4.309: [Rescan (parallel) , 0.0045088 secs]4.313: [weak refs processing, 0.0000132 secs]4.313: [class unloading, 0.0004305 secs]4.314: [scrub symbol table, 0.0005806 secs]4.314: [scrub string table, 0.0002291 secs][1 CMS-remark: 6773K(6848K)] 9845K(9920K), 0.0058960 secs] [Times: user=0.00 sys=0.00, real=0.01 secs] 
4.315: [CMS-concurrent-sweep-start]
4.320: [Full GC (Allocation Failure) 4.320: [CMS4.322: [CMS-concurrent-sweep: 0.006/0.007 secs] [Times: user=0.03 sys=0.00, real=0.01 secs] 
 (concurrent mode failure): 6847K->6666K(6848K), 0.0410233 secs] 9919K->9495K(9920K), [Metaspace: 3484K->3484K(1056768K)], 0.0411139 secs] [Times: user=0.01 sys=0.00, real=0.04 secs] 
4.384: [Full GC (Allocation Failure) 4.384: [CMS: 6847K->6683K(6848K), 0.0401457 secs] 9919K->9527K(9920K), [Metaspace: 3484K->3484K(1056768K)], 0.0402100 secs] [Times: user=0.02 sys=0.01, real=0.04 secs] 
4.425: [GC (CMS Initial Mark) [1 CMS-initial-mark: 6683K(6848K)] 9527K(9920K), 0.0059396 secs] [Times: user=0.02 sys=0.00, real=0.01 secs] 
4.431: [CMS-concurrent-mark-start]
4.448: [CMS-concurrent-mark: 0.016/0.017 secs] [Times: user=0.03 sys=0.00, real=0.02 secs] 
4.448: [CMS-concurrent-preclean-start]
4.449: [Full GC (Allocation Failure) 4.449: [CMS4.457: [CMS-concurrent-preclean: 0.009/0.009 secs] [Times: user=0.02 sys=0.00, real=0.01 secs] 
 (concurrent mode failure): 6847K->6698K(6848K), 0.0473001 secs] 9919K->9556K(9920K), [Metaspace: 3484K->3484K(1056768K)], 0.0473661 secs] [Times: user=0.05 sys=0.00, real=0.05 secs] 
4.526: [Full GC (Allocation Failure) 4.526: [CMS: 6847K->6711K(6848K), 0.0390215 secs] 9919K->9583K(9920K), [Metaspace: 3484K->3484K(1056768K)], 0.0390827 secs] [Times: user=0.02 sys=0.00, real=0.04 secs] 
4.565: [GC (CMS Initial Mark) [1 CMS-initial-mark: 6711K(6848K)] 9583K(9920K), 0.0059651 secs] [Times: user=0.02 sys=0.00, real=0.01 secs] 
4.571: [CMS-concurrent-mark-start]
4.587: [Full GC (Allocation Failure) 4.587: [CMS4.587: [CMS-concurrent-mark: 0.015/0.016 secs] [Times: user=0.03 sys=0.00, real=0.02 secs] 
 (concurrent mode failure): 6847K->6724K(6848K), 0.0400555 secs] 9919K->9608K(9920K), [Metaspace: 3484K->3484K(1056768K)], 0.0401391 secs] [Times: user=0.03 sys=0.00, real=0.04 secs] 
4.645: [Full GC (Allocation Failure) 4.645: [CMS: 6847K->6735K(6848K), 0.0388691 secs] 9919K->9631K(9920K), [Metaspace: 3484K->3484K(1056768K)], 0.0389369 secs] [Times: user=0.03 sys=0.00, real=0.04 secs] 
4.684: [GC (CMS Initial Mark) [1 CMS-initial-mark: 6735K(6848K)] 9631K(9920K), 0.0060146 secs] [Times: user=0.00 sys=0.00, real=0.01 secs] 
4.690: [CMS-concurrent-mark-start]
4.701: [Full GC (Allocation Failure) 4.701: [CMS4.705: [CMS-concurrent-mark: 0.014/0.015 secs] [Times: user=0.02 sys=0.00, real=0.02 secs] 
 (concurrent mode failure): 6847K->6745K(6848K), 0.0408857 secs] 9919K->9652K(9920K), [Metaspace: 3484K->3484K(1056768K)], 0.0409643 secs] [Times: user=0.05 sys=0.00, real=0.04 secs] 
4.756: [Full GC (Allocation Failure) 4.756: [CMS: 6847K->6754K(6848K), 0.0380585 secs] 9919K->9672K(9920K), [Metaspace: 3484K->3484K(1056768K)], 0.0381188 secs] [Times: user=0.03 sys=0.00, real=0.04 secs] 
4.794: [GC (CMS Initial Mark) [1 CMS-initial-mark: 6754K(6848K)] 9672K(9920K), 0.0060854 secs] [Times: user=0.00 sys=0.00, real=0.01 secs] 
4.800: [CMS-concurrent-mark-start]
4.812: [Full GC (Allocation Failure) 4.812: [CMS4.814: [CMS-concurrent-mark: 0.013/0.014 secs] [Times: user=0.02 sys=0.01, real=0.01 secs] 
 (concurrent mode failure): 6847K->6763K(6848K), 0.0395746 secs] 9919K->9690K(9920K), [Metaspace: 3484K->3484K(1056768K)], 0.0396367 secs] [Times: user=0.05 sys=0.00, real=0.04 secs] 
4.863: [Full GC (Allocation Failure) 4.863: [CMS: 6847K->6771K(6848K), 0.0388204 secs] 9919K->9707K(9920K), [Metaspace: 3484K->3484K(1056768K)], 0.0388833 secs] [Times: user=0.03 sys=0.00, real=0.04 secs] 
4.902: [GC (CMS Initial Mark) [1 CMS-initial-mark: 6771K(6848K)] 9707K(9920K), 0.0058831 secs] [Times: user=0.00 sys=0.00, real=0.01 secs] 
4.908: [CMS-concurrent-mark-start]
4.921: [Full GC (Allocation Failure) 4.922: [CMS4.922: [CMS-concurrent-mark: 0.014/0.014 secs] [Times: user=0.02 sys=0.00, real=0.01 secs] 
 (concurrent mode failure): 6847K->6778K(6848K), 0.0336823 secs] 9919K->9722K(9920K), [Metaspace: 3484K->3484K(1056768K)], 0.0337425 secs] [Times: user=0.03 sys=0.00, real=0.03 secs] 
4.964: [Full GC (Allocation Failure) 4.964: [CMS: 6847K->6784K(6848K), 0.0273635 secs] 9919K->9736K(9920K), [Metaspace: 3484K->3484K(1056768K)], 0.0274230 secs] [Times: user=0.03 sys=0.00, real=0.03 secs] 
4.992: [GC (CMS Initial Mark) [1 CMS-initial-mark: 6784K(6848K)] 9736K(9920K), 0.0046135 secs] [Times: user=0.00 sys=0.00, real=0.01 secs] 
4.996: [CMS-concurrent-mark-start]
5.008: [Full GC (Allocation Failure) 5.008: [CMS5.008: [CMS-concurrent-mark: 0.012/0.012 secs] [Times: user=0.01 sys=0.02, real=0.01 secs] 
 (concurrent mode failure): 6847K->6790K(6848K), 0.0338834 secs] 9919K->9750K(9920K), [Metaspace: 3484K->3484K(1056768K)], 0.0339516 secs] [Times: user=0.03 sys=0.00, real=0.03 secs] 
5.053: [Full GC (Allocation Failure) 5.053: [CMS: 6847K->6795K(6848K), 0.0316765 secs] 9919K->9762K(9920K), [Metaspace: 3484K->3484K(1056768K)], 0.0317452 secs] [Times: user=0.03 sys=0.00, real=0.03 secs] 
5.085: [GC (CMS Initial Mark) [1 CMS-initial-mark: 6795K(6848K)] 9762K(9920K), 0.0055044 secs] [Times: user=0.00 sys=0.00, real=0.01 secs] 
5.091: [CMS-concurrent-mark-start]
5.101: [Full GC (Allocation Failure) 5.101: [CMS5.102: [CMS-concurrent-mark: 0.010/0.011 secs] [Times: user=0.02 sys=0.00, real=0.01 secs] 
 (concurrent mode failure): 6801K->6795K(6848K), 0.0287979 secs] 9873K->9769K(9920K), [Metaspace: 3484K->3484K(1056768K)], 0.0288604 secs] [Times: user=0.03 sys=0.00, real=0.03 secs] 
5.130: [Full GC (Allocation Failure) 5.130: [CMS: 6795K->6795K(6848K), 0.0296579 secs] 9769K->9769K(9920K), [Metaspace: 3484K->3484K(1056768K)], 0.0297070 secs] [Times: user=0.02 sys=0.02, real=0.03 secs] 
Heap
 par new generation   total 3072K, used 3003K [0x00000000ff600000, 0x00000000ff950000, 0x00000000ff950000)
  eden space 2752K,  99% used [0x00000000ff600000, 0x00000000ff8afff8, 0x00000000ff8b0000)
  from space 320K,  78% used [0x00000000ff900000, 0x00000000ff93ed60, 0x00000000ff950000)
  to   space 320K,   0% used [0x00000000ff8b0000, 0x00000000ff8b0000, 0x00000000ff900000)
 concurrent mark-sweep generation total 6848K, used 6795K [0x00000000ff950000, 0x0000000100000000, 0x0000000100000000)
 Metaspace       used 3515K, capacity 4500K, committed 4864K, reserved 1056768K
  class space    used 379K, capacity 388K, committed 512K, reserved 1048576K
